Archive member included because of file (symbol)

c:/program files (x86)/atmel/atmel toolchain/avr8 gcc/native/3.4.1061/avr8-gnu-toolchain/bin/../lib/gcc/avr/4.8.1/avr5\libgcc.a(_exit.o)
                              c:/program files (x86)/atmel/atmel toolchain/avr8 gcc/native/3.4.1061/avr8-gnu-toolchain/bin/../lib/gcc/avr/4.8.1/../../../../avr/lib/avr5/crtm64m1.o (exit)
c:/program files (x86)/atmel/atmel toolchain/avr8 gcc/native/3.4.1061/avr8-gnu-toolchain/bin/../lib/gcc/avr/4.8.1/avr5\libgcc.a(_tablejump.o)
                              atMega64m1/Drivers/can_lib.o (__tablejump2__)
c:/program files (x86)/atmel/atmel toolchain/avr8 gcc/native/3.4.1061/avr8-gnu-toolchain/bin/../lib/gcc/avr/4.8.1/avr5\libgcc.a(_copy_data.o)
                              atMega64m1/Drivers/can_lib.o (__do_copy_data)

Discarded input sections

 .data          0x00000000        0x0 c:/program files (x86)/atmel/atmel toolchain/avr8 gcc/native/3.4.1061/avr8-gnu-toolchain/bin/../lib/gcc/avr/4.8.1/../../../../avr/lib/avr5/crtm64m1.o
 .bss           0x00000000        0x0 c:/program files (x86)/atmel/atmel toolchain/avr8 gcc/native/3.4.1061/avr8-gnu-toolchain/bin/../lib/gcc/avr/4.8.1/../../../../avr/lib/avr5/crtm64m1.o
 .text          0x00000000        0x0 atMega64m1/Drivers/can_drv.o
 .data          0x00000000        0x0 atMega64m1/Drivers/can_drv.o
 .bss           0x00000000        0x0 atMega64m1/Drivers/can_drv.o
 .text.can_get_mob_status
                0x00000000       0x2c atMega64m1/Drivers/can_drv.o
 .text.can_get_data
                0x00000000       0x38 atMega64m1/Drivers/can_drv.o
 .text.can_configureBitTiming
                0x00000000        0xe atMega64m1/Drivers/can_drv.o
 .text          0x00000000        0x0 atMega64m1/Drivers/can_lib.o
 .data          0x00000000        0x0 atMega64m1/Drivers/can_lib.o
 .bss           0x00000000        0x0 atMega64m1/Drivers/can_lib.o
 .text.can_get_status
                0x00000000      0x13e atMega64m1/Drivers/can_lib.o
 .text          0x00000000        0x0 atMega64m1/Drivers/MPU6000.o
 .data          0x00000000        0x0 atMega64m1/Drivers/MPU6000.o
 .bss           0x00000000        0x0 atMega64m1/Drivers/MPU6000.o
 .text.mpu6000_burstReadRegister
                0x00000000       0x74 atMega64m1/Drivers/MPU6000.o
 .text.mpu6000_readMotionData
                0x00000000        0xc atMega64m1/Drivers/MPU6000.o
 .text.mpu_readSingleMotionData
                0x00000000       0x54 atMega64m1/Drivers/MPU6000.o
 .progmem.gcc_sw_table.mpu_readSingleMotionData
                0x00000000        0xe atMega64m1/Drivers/MPU6000.o
 .text          0x00000000        0x0 atMega64m1/Drivers/spi.o
 .data          0x00000000        0x0 atMega64m1/Drivers/spi.o
 .bss           0x00000000        0x0 atMega64m1/Drivers/spi.o
 .text.spi_disable
                0x00000000        0x8 atMega64m1/Drivers/spi.o
 .text          0x00000000        0x0 slave_unit.o
 .data          0x00000000        0x0 slave_unit.o
 .bss           0x00000000        0x0 slave_unit.o
 .text          0x00000000        0x0 c:/program files (x86)/atmel/atmel toolchain/avr8 gcc/native/3.4.1061/avr8-gnu-toolchain/bin/../lib/gcc/avr/4.8.1/avr5\libgcc.a(_exit.o)
 .data          0x00000000        0x0 c:/program files (x86)/atmel/atmel toolchain/avr8 gcc/native/3.4.1061/avr8-gnu-toolchain/bin/../lib/gcc/avr/4.8.1/avr5\libgcc.a(_exit.o)
 .bss           0x00000000        0x0 c:/program files (x86)/atmel/atmel toolchain/avr8 gcc/native/3.4.1061/avr8-gnu-toolchain/bin/../lib/gcc/avr/4.8.1/avr5\libgcc.a(_exit.o)
 .text.libgcc.mul
                0x00000000        0x0 c:/program files (x86)/atmel/atmel toolchain/avr8 gcc/native/3.4.1061/avr8-gnu-toolchain/bin/../lib/gcc/avr/4.8.1/avr5\libgcc.a(_exit.o)
 .text.libgcc.div
                0x00000000        0x0 c:/program files (x86)/atmel/atmel toolchain/avr8 gcc/native/3.4.1061/avr8-gnu-toolchain/bin/../lib/gcc/avr/4.8.1/avr5\libgcc.a(_exit.o)
 .text.libgcc   0x00000000        0x0 c:/program files (x86)/atmel/atmel toolchain/avr8 gcc/native/3.4.1061/avr8-gnu-toolchain/bin/../lib/gcc/avr/4.8.1/avr5\libgcc.a(_exit.o)
 .text.libgcc.prologue
                0x00000000        0x0 c:/program files (x86)/atmel/atmel toolchain/avr8 gcc/native/3.4.1061/avr8-gnu-toolchain/bin/../lib/gcc/avr/4.8.1/avr5\libgcc.a(_exit.o)
 .text.libgcc.builtins
                0x00000000        0x0 c:/program files (x86)/atmel/atmel toolchain/avr8 gcc/native/3.4.1061/avr8-gnu-toolchain/bin/../lib/gcc/avr/4.8.1/avr5\libgcc.a(_exit.o)
 .text.libgcc.fmul
                0x00000000        0x0 c:/program files (x86)/atmel/atmel toolchain/avr8 gcc/native/3.4.1061/avr8-gnu-toolchain/bin/../lib/gcc/avr/4.8.1/avr5\libgcc.a(_exit.o)
 .text.libgcc.fixed
                0x00000000        0x0 c:/program files (x86)/atmel/atmel toolchain/avr8 gcc/native/3.4.1061/avr8-gnu-toolchain/bin/../lib/gcc/avr/4.8.1/avr5\libgcc.a(_exit.o)
 .text          0x00000000        0x0 c:/program files (x86)/atmel/atmel toolchain/avr8 gcc/native/3.4.1061/avr8-gnu-toolchain/bin/../lib/gcc/avr/4.8.1/avr5\libgcc.a(_tablejump.o)
 .data          0x00000000        0x0 c:/program files (x86)/atmel/atmel toolchain/avr8 gcc/native/3.4.1061/avr8-gnu-toolchain/bin/../lib/gcc/avr/4.8.1/avr5\libgcc.a(_tablejump.o)
 .bss           0x00000000        0x0 c:/program files (x86)/atmel/atmel toolchain/avr8 gcc/native/3.4.1061/avr8-gnu-toolchain/bin/../lib/gcc/avr/4.8.1/avr5\libgcc.a(_tablejump.o)
 .text.libgcc.mul
                0x00000000        0x0 c:/program files (x86)/atmel/atmel toolchain/avr8 gcc/native/3.4.1061/avr8-gnu-toolchain/bin/../lib/gcc/avr/4.8.1/avr5\libgcc.a(_tablejump.o)
 .text.libgcc.div
                0x00000000        0x0 c:/program files (x86)/atmel/atmel toolchain/avr8 gcc/native/3.4.1061/avr8-gnu-toolchain/bin/../lib/gcc/avr/4.8.1/avr5\libgcc.a(_tablejump.o)
 .text.libgcc.prologue
                0x00000000        0x0 c:/program files (x86)/atmel/atmel toolchain/avr8 gcc/native/3.4.1061/avr8-gnu-toolchain/bin/../lib/gcc/avr/4.8.1/avr5\libgcc.a(_tablejump.o)
 .text.libgcc.builtins
                0x00000000        0x0 c:/program files (x86)/atmel/atmel toolchain/avr8 gcc/native/3.4.1061/avr8-gnu-toolchain/bin/../lib/gcc/avr/4.8.1/avr5\libgcc.a(_tablejump.o)
 .text.libgcc.fmul
                0x00000000        0x0 c:/program files (x86)/atmel/atmel toolchain/avr8 gcc/native/3.4.1061/avr8-gnu-toolchain/bin/../lib/gcc/avr/4.8.1/avr5\libgcc.a(_tablejump.o)
 .text.libgcc.fixed
                0x00000000        0x0 c:/program files (x86)/atmel/atmel toolchain/avr8 gcc/native/3.4.1061/avr8-gnu-toolchain/bin/../lib/gcc/avr/4.8.1/avr5\libgcc.a(_tablejump.o)
 .text          0x00000000        0x0 c:/program files (x86)/atmel/atmel toolchain/avr8 gcc/native/3.4.1061/avr8-gnu-toolchain/bin/../lib/gcc/avr/4.8.1/avr5\libgcc.a(_copy_data.o)
 .data          0x00000000        0x0 c:/program files (x86)/atmel/atmel toolchain/avr8 gcc/native/3.4.1061/avr8-gnu-toolchain/bin/../lib/gcc/avr/4.8.1/avr5\libgcc.a(_copy_data.o)
 .bss           0x00000000        0x0 c:/program files (x86)/atmel/atmel toolchain/avr8 gcc/native/3.4.1061/avr8-gnu-toolchain/bin/../lib/gcc/avr/4.8.1/avr5\libgcc.a(_copy_data.o)
 .text.libgcc.mul
                0x00000000        0x0 c:/program files (x86)/atmel/atmel toolchain/avr8 gcc/native/3.4.1061/avr8-gnu-toolchain/bin/../lib/gcc/avr/4.8.1/avr5\libgcc.a(_copy_data.o)
 .text.libgcc.div
                0x00000000        0x0 c:/program files (x86)/atmel/atmel toolchain/avr8 gcc/native/3.4.1061/avr8-gnu-toolchain/bin/../lib/gcc/avr/4.8.1/avr5\libgcc.a(_copy_data.o)
 .text.libgcc   0x00000000        0x0 c:/program files (x86)/atmel/atmel toolchain/avr8 gcc/native/3.4.1061/avr8-gnu-toolchain/bin/../lib/gcc/avr/4.8.1/avr5\libgcc.a(_copy_data.o)
 .text.libgcc.prologue
                0x00000000        0x0 c:/program files (x86)/atmel/atmel toolchain/avr8 gcc/native/3.4.1061/avr8-gnu-toolchain/bin/../lib/gcc/avr/4.8.1/avr5\libgcc.a(_copy_data.o)
 .text.libgcc.builtins
                0x00000000        0x0 c:/program files (x86)/atmel/atmel toolchain/avr8 gcc/native/3.4.1061/avr8-gnu-toolchain/bin/../lib/gcc/avr/4.8.1/avr5\libgcc.a(_copy_data.o)
 .text.libgcc.fmul
                0x00000000        0x0 c:/program files (x86)/atmel/atmel toolchain/avr8 gcc/native/3.4.1061/avr8-gnu-toolchain/bin/../lib/gcc/avr/4.8.1/avr5\libgcc.a(_copy_data.o)
 .text.libgcc.fixed
                0x00000000        0x0 c:/program files (x86)/atmel/atmel toolchain/avr8 gcc/native/3.4.1061/avr8-gnu-toolchain/bin/../lib/gcc/avr/4.8.1/avr5\libgcc.a(_copy_data.o)

Memory Configuration

Name             Origin             Length             Attributes
text             0x00000000         0x00020000         xr
data             0x00800060         0x0000ffa0         rw !x
eeprom           0x00810000         0x00010000         rw !x
fuse             0x00820000         0x00000400         rw !x
lock             0x00830000         0x00000400         rw !x
signature        0x00840000         0x00000400         rw !x
user_signatures  0x00850000         0x00000400         rw !x
*default*        0x00000000         0xffffffff

Linker script and memory map

Address of section .data set to 0x800100
LOAD c:/program files (x86)/atmel/atmel toolchain/avr8 gcc/native/3.4.1061/avr8-gnu-toolchain/bin/../lib/gcc/avr/4.8.1/../../../../avr/lib/avr5/crtm64m1.o
LOAD atMega64m1/Drivers/can_drv.o
LOAD atMega64m1/Drivers/can_lib.o
LOAD atMega64m1/Drivers/MPU6000.o
LOAD atMega64m1/Drivers/spi.o
LOAD slave_unit.o
START GROUP
LOAD c:/program files (x86)/atmel/atmel toolchain/avr8 gcc/native/3.4.1061/avr8-gnu-toolchain/bin/../lib/gcc/avr/4.8.1/../../../../avr/lib/avr5\libm.a
END GROUP
START GROUP
LOAD c:/program files (x86)/atmel/atmel toolchain/avr8 gcc/native/3.4.1061/avr8-gnu-toolchain/bin/../lib/gcc/avr/4.8.1/avr5\libgcc.a
LOAD c:/program files (x86)/atmel/atmel toolchain/avr8 gcc/native/3.4.1061/avr8-gnu-toolchain/bin/../lib/gcc/avr/4.8.1/../../../../avr/lib/avr5\libm.a
LOAD c:/program files (x86)/atmel/atmel toolchain/avr8 gcc/native/3.4.1061/avr8-gnu-toolchain/bin/../lib/gcc/avr/4.8.1/../../../../avr/lib/avr5\libc.a
END GROUP

.hash
 *(.hash)

.dynsym
 *(.dynsym)

.dynstr
 *(.dynstr)

.gnu.version
 *(.gnu.version)

.gnu.version_d
 *(.gnu.version_d)

.gnu.version_r
 *(.gnu.version_r)

.rel.init
 *(.rel.init)

.rela.init
 *(.rela.init)

.rel.text
 *(.rel.text)
 *(.rel.text.*)
 *(.rel.gnu.linkonce.t*)

.rela.text
 *(.rela.text)
 *(.rela.text.*)
 *(.rela.gnu.linkonce.t*)

.rel.fini
 *(.rel.fini)

.rela.fini
 *(.rela.fini)

.rel.rodata
 *(.rel.rodata)
 *(.rel.rodata.*)
 *(.rel.gnu.linkonce.r*)

.rela.rodata
 *(.rela.rodata)
 *(.rela.rodata.*)
 *(.rela.gnu.linkonce.r*)

.rel.data
 *(.rel.data)
 *(.rel.data.*)
 *(.rel.gnu.linkonce.d*)

.rela.data
 *(.rela.data)
 *(.rela.data.*)
 *(.rela.gnu.linkonce.d*)

.rel.ctors
 *(.rel.ctors)

.rela.ctors
 *(.rela.ctors)

.rel.dtors
 *(.rel.dtors)

.rela.dtors
 *(.rela.dtors)

.rel.got
 *(.rel.got)

.rela.got
 *(.rela.got)

.rel.bss
 *(.rel.bss)

.rela.bss
 *(.rela.bss)

.rel.plt
 *(.rel.plt)

.rela.plt
 *(.rela.plt)

.text           0x00000000     0x15b6
 *(.vectors)
 .vectors       0x00000000       0x7c c:/program files (x86)/atmel/atmel toolchain/avr8 gcc/native/3.4.1061/avr8-gnu-toolchain/bin/../lib/gcc/avr/4.8.1/../../../../avr/lib/avr5/crtm64m1.o
                0x00000000                __vector_default
                0x00000000                __vectors
 *(.vectors)
 *(.progmem.gcc*)
 .progmem.gcc_sw_table.can_cmd
                0x0000007c       0x16 atMega64m1/Drivers/can_lib.o
 .progmem.gcc_sw_table.spi_set_prescaler
                0x00000092        0xe atMega64m1/Drivers/spi.o
                0x000000a0                . = ALIGN (0x2)
                0x000000a0                __trampolines_start = .
 *(.trampolines)
 .trampolines   0x000000a0        0x0 linker stubs
 *(.trampolines*)
                0x000000a0                __trampolines_end = .
 *(.progmem*)
                0x000000a0                . = ALIGN (0x2)
 *(.jumptables)
 *(.jumptables*)
 *(.lowtext)
 *(.lowtext*)
                0x000000a0                __ctors_start = .
 *(.ctors)
                0x000000a0                __ctors_end = .
                0x000000a0                __dtors_start = .
 *(.dtors)
                0x000000a0                __dtors_end = .
 SORT(*)(.ctors)
 SORT(*)(.dtors)
 *(.init0)
 .init0         0x000000a0        0x0 c:/program files (x86)/atmel/atmel toolchain/avr8 gcc/native/3.4.1061/avr8-gnu-toolchain/bin/../lib/gcc/avr/4.8.1/../../../../avr/lib/avr5/crtm64m1.o
                0x000000a0                __init
 *(.init0)
 *(.init1)
 *(.init1)
 *(.init2)
 .init2         0x000000a0        0xc c:/program files (x86)/atmel/atmel toolchain/avr8 gcc/native/3.4.1061/avr8-gnu-toolchain/bin/../lib/gcc/avr/4.8.1/../../../../avr/lib/avr5/crtm64m1.o
 *(.init2)
 *(.init3)
 *(.init3)
 *(.init4)
 .init4         0x000000ac       0x16 c:/program files (x86)/atmel/atmel toolchain/avr8 gcc/native/3.4.1061/avr8-gnu-toolchain/bin/../lib/gcc/avr/4.8.1/avr5\libgcc.a(_copy_data.o)
                0x000000ac                __do_copy_data
 *(.init4)
 *(.init5)
 *(.init5)
 *(.init6)
 *(.init6)
 *(.init7)
 *(.init7)
 *(.init8)
 *(.init8)
 *(.init9)
 .init9         0x000000c2        0x8 c:/program files (x86)/atmel/atmel toolchain/avr8 gcc/native/3.4.1061/avr8-gnu-toolchain/bin/../lib/gcc/avr/4.8.1/../../../../avr/lib/avr5/crtm64m1.o
 *(.init9)
 *(.text)
 .text          0x000000ca        0x4 c:/program files (x86)/atmel/atmel toolchain/avr8 gcc/native/3.4.1061/avr8-gnu-toolchain/bin/../lib/gcc/avr/4.8.1/../../../../avr/lib/avr5/crtm64m1.o
                0x000000ca                __vector_22
                0x000000ca                __vector_28
                0x000000ca                __vector_1
                0x000000ca                __vector_24
                0x000000ca                __vector_12
                0x000000ca                __bad_interrupt
                0x000000ca                __vector_6
                0x000000ca                __vector_3
                0x000000ca                __vector_23
                0x000000ca                __vector_30
                0x000000ca                __vector_25
                0x000000ca                __vector_11
                0x000000ca                __vector_13
                0x000000ca                __vector_17
                0x000000ca                __vector_19
                0x000000ca                __vector_7
                0x000000ca                __vector_27
                0x000000ca                __vector_5
                0x000000ca                __vector_4
                0x000000ca                __vector_9
                0x000000ca                __vector_2
                0x000000ca                __vector_21
                0x000000ca                __vector_15
                0x000000ca                __vector_29
                0x000000ca                __vector_8
                0x000000ca                __vector_26
                0x000000ca                __vector_14
                0x000000ca                __vector_10
                0x000000ca                __vector_16
                0x000000ca                __vector_18
                0x000000ca                __vector_20
                0x000000ce                . = ALIGN (0x2)
 *(.text.*)
 .text.can_clear_all_mob
                0x000000ce       0x26 atMega64m1/Drivers/can_drv.o
                0x000000ce                can_clear_all_mob
 .text.can_free_single_mob
                0x000000f4       0x16 atMega64m1/Drivers/can_drv.o
                0x000000f4                can_free_single_mob
 .text.can_get_mob_free
                0x0000010a       0x40 atMega64m1/Drivers/can_drv.o
                0x0000010a                can_get_mob_free
 .text.can_auto_baudrate
                0x0000014a      0x3b8 atMega64m1/Drivers/can_drv.o
                0x0000014a                can_auto_baudrate
 .text.can_setBaudrate8MHZ
                0x00000502       0x92 atMega64m1/Drivers/can_drv.o
                0x00000502                can_setBaudrate8MHZ
 .text.can_setBaudrate12MHZ
                0x00000594       0x92 atMega64m1/Drivers/can_drv.o
                0x00000594                can_setBaudrate12MHZ
 .text.can_setBaudrate16MHZ
                0x00000626       0x94 atMega64m1/Drivers/can_drv.o
                0x00000626                can_setBaudrate16MHZ
 .text.can_setBaudrate
                0x000006ba       0x24 atMega64m1/Drivers/can_drv.o
                0x000006ba                can_setBaudrate
 .text.can_init
                0x000006de       0x36 atMega64m1/Drivers/can_drv.o
                0x000006de                can_init
 .text.can_cmd  0x00000714      0xba2 atMega64m1/Drivers/can_lib.o
                0x00000714                can_cmd
 .text.mpu6000_writeRegister
                0x000012b6       0x16 atMega64m1/Drivers/MPU6000.o
                0x000012b6                mpu6000_writeRegister
 .text.mpu6000_readRegister
                0x000012cc       0x12 atMega64m1/Drivers/MPU6000.o
                0x000012cc                mpu6000_readRegister
 .text.mpu6000_setSensorRange
                0x000012de       0x24 atMega64m1/Drivers/MPU6000.o
                0x000012de                mpu6000_setSensorRange
 .text.mpu6000_setLowPassFilter
                0x00001302       0x36 atMega64m1/Drivers/MPU6000.o
                0x00001302                mpu6000_setLowPassFilter
 .text.mpu6000_setSampleRateDivider
                0x00001338        0xa atMega64m1/Drivers/MPU6000.o
                0x00001338                mpu6000_setSampleRateDivider
 .text.mpu6000_init
                0x00001342       0x58 atMega64m1/Drivers/MPU6000.o
                0x00001342                mpu6000_init
 .text.spi_enable
                0x0000139a        0x8 atMega64m1/Drivers/spi.o
                0x0000139a                spi_enable
 .text.spi_set_operation_mode
                0x000013a2       0x3c atMega64m1/Drivers/spi.o
                0x000013a2                spi_set_operation_mode
 .text.spi_set_mode
                0x000013de       0x3c atMega64m1/Drivers/spi.o
                0x000013de                spi_set_mode
 .text.spi_set_msb_lsb
                0x0000141a       0x14 atMega64m1/Drivers/spi.o
                0x0000141a                spi_set_msb_lsb
 .text.spi_set_prescaler
                0x0000142e       0x8e atMega64m1/Drivers/spi.o
                0x0000142e                spi_set_prescaler
 .text.spi_init
                0x000014bc       0x32 atMega64m1/Drivers/spi.o
                0x000014bc                spi_init
 .text.spi_tranceive
                0x000014ee       0x12 atMega64m1/Drivers/spi.o
                0x000014ee                spi_tranceive
 .text.main     0x00001500       0xa6 slave_unit.o
                0x00001500                main
 .text.libgcc   0x000015a6        0xc c:/program files (x86)/atmel/atmel toolchain/avr8 gcc/native/3.4.1061/avr8-gnu-toolchain/bin/../lib/gcc/avr/4.8.1/avr5\libgcc.a(_tablejump.o)
                0x000015a6                __tablejump2__
                0x000015aa                __tablejump__
                0x000015b2                . = ALIGN (0x2)
 *(.fini9)
 .fini9         0x000015b2        0x0 c:/program files (x86)/atmel/atmel toolchain/avr8 gcc/native/3.4.1061/avr8-gnu-toolchain/bin/../lib/gcc/avr/4.8.1/avr5\libgcc.a(_exit.o)
                0x000015b2                _exit
                0x000015b2                exit
 *(.fini9)
 *(.fini8)
 *(.fini8)
 *(.fini7)
 *(.fini7)
 *(.fini6)
 *(.fini6)
 *(.fini5)
 *(.fini5)
 *(.fini4)
 *(.fini4)
 *(.fini3)
 *(.fini3)
 *(.fini2)
 *(.fini2)
 *(.fini1)
 *(.fini1)
 *(.fini0)
 .fini0         0x000015b2        0x4 c:/program files (x86)/atmel/atmel toolchain/avr8 gcc/native/3.4.1061/avr8-gnu-toolchain/bin/../lib/gcc/avr/4.8.1/avr5\libgcc.a(_exit.o)
 *(.fini0)
                0x000015b6                _etext = .

.data           0x00800100        0x4 load address 0x000015b6
                0x00800100                PROVIDE (__data_start, .)
 *(.data)
 *(.data*)
 .data.CANLIB_DATA_MESSAGE_RX_MASK
                0x00800100        0x4 atMega64m1/Drivers/can_lib.o
                0x00800100                CANLIB_DATA_MESSAGE_RX_MASK
 *(.rodata)
 *(.rodata*)
 *(.gnu.linkonce.d*)
                0x00800104                . = ALIGN (0x2)
                0x00800104                _edata = .
                0x00800104                PROVIDE (__data_end, .)

.bss            0x00800104        0x0
                0x00800104                PROVIDE (__bss_start, .)
 *(.bss)
 *(.bss*)
 *(COMMON)
                0x00800104                PROVIDE (__bss_end, .)
                0x000015b6                __data_load_start = LOADADDR (.data)
                0x000015ba                __data_load_end = (__data_load_start + SIZEOF (.data))

.noinit         0x00800104        0x0
                0x00800104                PROVIDE (__noinit_start, .)
 *(.noinit*)
                0x00800104                PROVIDE (__noinit_end, .)
                0x00800104                _end = .
                0x00800104                PROVIDE (__heap_start, .)

.eeprom         0x00810000        0x0
 *(.eeprom*)
                0x00810000                __eeprom_end = .

.fuse
 *(.fuse)
 *(.lfuse)
 *(.hfuse)
 *(.efuse)

.lock
 *(.lock*)

.signature
 *(.signature*)

.user_signatures
 *(.user_signatures*)

.stab
 *(.stab)

.stabstr
 *(.stabstr)

.stab.excl
 *(.stab.excl)

.stab.exclstr
 *(.stab.exclstr)

.stab.index
 *(.stab.index)

.stab.indexstr
 *(.stab.indexstr)

.comment        0x00000000       0x30
 *(.comment)
 .comment       0x00000000       0x30 atMega64m1/Drivers/can_drv.o
                                 0x31 (size before relaxing)
 .comment       0x00000000       0x31 atMega64m1/Drivers/can_lib.o
 .comment       0x00000000       0x31 atMega64m1/Drivers/MPU6000.o
 .comment       0x00000000       0x31 atMega64m1/Drivers/spi.o
 .comment       0x00000000       0x31 slave_unit.o

.note.gnu.build-id
 *(.note.gnu.build-id)

.debug
 *(.debug)

.line
 *(.line)

.debug_srcinfo
 *(.debug_srcinfo)

.debug_sfnames
 *(.debug_sfnames)

.debug_aranges  0x00000000      0x178
 *(.debug_aranges)
 .debug_aranges
                0x00000000       0x78 atMega64m1/Drivers/can_drv.o
 .debug_aranges
                0x00000078       0x28 atMega64m1/Drivers/can_lib.o
 .debug_aranges
                0x000000a0       0x60 atMega64m1/Drivers/MPU6000.o
 .debug_aranges
                0x00000100       0x58 atMega64m1/Drivers/spi.o
 .debug_aranges
                0x00000158       0x20 slave_unit.o

.debug_pubnames
 *(.debug_pubnames)

.debug_info     0x00000000     0x1e1a
 *(.debug_info .gnu.linkonce.wi.*)
 .debug_info    0x00000000      0x899 atMega64m1/Drivers/can_drv.o
 .debug_info    0x00000899      0x3cc atMega64m1/Drivers/can_lib.o
 .debug_info    0x00000c65      0x818 atMega64m1/Drivers/MPU6000.o
 .debug_info    0x0000147d      0x2eb atMega64m1/Drivers/spi.o
 .debug_info    0x00001768      0x6b2 slave_unit.o

.debug_abbrev   0x00000000      0x94b
 *(.debug_abbrev)
 .debug_abbrev  0x00000000      0x236 atMega64m1/Drivers/can_drv.o
 .debug_abbrev  0x00000236      0x1af atMega64m1/Drivers/can_lib.o
 .debug_abbrev  0x000003e5      0x25a atMega64m1/Drivers/MPU6000.o
 .debug_abbrev  0x0000063f      0x111 atMega64m1/Drivers/spi.o
 .debug_abbrev  0x00000750      0x1fb slave_unit.o

.debug_line     0x00000000      0xb30
 *(.debug_line .debug_line.* .debug_line_end)
 .debug_line    0x00000000      0x376 atMega64m1/Drivers/can_drv.o
 .debug_line    0x00000376      0x26f atMega64m1/Drivers/can_lib.o
 .debug_line    0x000005e5      0x228 atMega64m1/Drivers/MPU6000.o
 .debug_line    0x0000080d      0x17e atMega64m1/Drivers/spi.o
 .debug_line    0x0000098b      0x1a5 slave_unit.o

.debug_frame    0x00000000      0x36c
 *(.debug_frame)
 .debug_frame   0x00000000      0x140 atMega64m1/Drivers/can_drv.o
 .debug_frame   0x00000140       0x60 atMega64m1/Drivers/can_lib.o
 .debug_frame   0x000001a0       0xf8 atMega64m1/Drivers/MPU6000.o
 .debug_frame   0x00000298       0xa0 atMega64m1/Drivers/spi.o
 .debug_frame   0x00000338       0x34 slave_unit.o

.debug_str      0x00000000      0xbd8
 *(.debug_str)
 .debug_str     0x00000000      0x3f1 atMega64m1/Drivers/can_drv.o
                                0x43e (size before relaxing)
 .debug_str     0x000003f1      0x176 atMega64m1/Drivers/can_lib.o
                                0x303 (size before relaxing)
 .debug_str     0x00000567      0x454 atMega64m1/Drivers/MPU6000.o
                                0x5c7 (size before relaxing)
 .debug_str     0x000009bb      0x1d8 atMega64m1/Drivers/spi.o
                                0x341 (size before relaxing)
 .debug_str     0x00000b93       0x45 slave_unit.o
                                0x613 (size before relaxing)

.debug_loc      0x00000000     0x1ab7
 *(.debug_loc)
 .debug_loc     0x00000000     0x1024 atMega64m1/Drivers/can_drv.o
 .debug_loc     0x00001024      0x26f atMega64m1/Drivers/can_lib.o
 .debug_loc     0x00001293      0x587 atMega64m1/Drivers/MPU6000.o
 .debug_loc     0x0000181a      0x256 atMega64m1/Drivers/spi.o
 .debug_loc     0x00001a70       0x47 slave_unit.o

.debug_macinfo
 *(.debug_macinfo)

.debug_weaknames
 *(.debug_weaknames)

.debug_funcnames
 *(.debug_funcnames)

.debug_typenames
 *(.debug_typenames)

.debug_varnames
 *(.debug_varnames)

.debug_pubtypes
 *(.debug_pubtypes)

.debug_ranges   0x00000000      0x158
 *(.debug_ranges)
 .debug_ranges  0x00000000       0x98 atMega64m1/Drivers/can_drv.o
 .debug_ranges  0x00000098       0x18 atMega64m1/Drivers/can_lib.o
 .debug_ranges  0x000000b0       0x50 atMega64m1/Drivers/MPU6000.o
 .debug_ranges  0x00000100       0x48 atMega64m1/Drivers/spi.o
 .debug_ranges  0x00000148       0x10 slave_unit.o

.debug_macro
 *(.debug_macro)
OUTPUT(slave_unit.elf elf32-avr)
LOAD linker stubs
